
> staysync-backend@1.0.0 build
> tsc

src/controllers/complaintController.ts(177,41): error TS2339: Property 'roomNumber' does not exist on type 'ObjectId'.
src/controllers/superadminController.ts(230,31): error TS2339: Property 'toLowerCase' does not exist on type 'string | ParsedQs | (string | ParsedQs)[]'.
  Property 'toLowerCase' does not exist on type '(string | ParsedQs)[]'.
